#### A masked pattern was here ####
PREHOOK: type: CREATETABLE
#### A masked pattern was here ####
PREHOOK: Output: database:default
PREHOOK: Output: default@encrypted_table_dp
#### A masked pattern was here ####
POSTHOOK: type: CREATETABLE
#### A masked pattern was here ####
POSTHOOK: Output: database:default
POSTHOOK: Output: default@encrypted_table_dp
Encryption key created: 'key_128'
Encryption zone created: '/build/ql/test/data/warehouse/default/encrypted_table_dp' using key: 'key_128'
PREHOOK: query: INSERT INTO encrypted_table_dp PARTITION(p) values(1, 'foo', '2014-09-23'),(2, 'bar', '2014-09-24')
PREHOOK: type: QUERY
PREHOOK: Output: default@encrypted_table_dp
POSTHOOK: query: INSERT INTO encrypted_table_dp PARTITION(p) values(1, 'foo', '2014-09-23'),(2, 'bar', '2014-09-24')
POSTHOOK: type: QUERY
POSTHOOK: Output: default@encrypted_table_dp@p=2014-09-23
POSTHOOK: Output: default@encrypted_table_dp@p=2014-09-24
POSTHOOK: Lineage: encrypted_table_dp PARTITION(p=2014-09-23).key EXPRESSION [(values__tmp__table__1)values__tmp__table__1.FieldSchema(name:tmp_values_col1, type:string, comment:), ]
POSTHOOK: Lineage: encrypted_table_dp PARTITION(p=2014-09-23).value SIMPLE [(values__tmp__table__1)values__tmp__table__1.FieldSchema(name:tmp_values_col2, type:string, comment:), ]
POSTHOOK: Lineage: encrypted_table_dp PARTITION(p=2014-09-24).key EXPRESSION [(values__tmp__table__1)values__tmp__table__1.FieldSchema(name:tmp_values_col1, type:string, comment:), ]
POSTHOOK: Lineage: encrypted_table_dp PARTITION(p=2014-09-24).value SIMPLE [(values__tmp__table__1)values__tmp__table__1.FieldSchema(name:tmp_values_col2, type:string, comment:), ]
PREHOOK: query: SELECT * FROM encrypted_table_dp
PREHOOK: type: QUERY
PREHOOK: Input: default@encrypted_table_dp
PREHOOK: Input: default@encrypted_table_dp@p=2014-09-23
PREHOOK: Input: default@encrypted_table_dp@p=2014-09-24
#### A PARTIAL masked pattern was here #### data/warehouse/default/encrypted_table_dp/.hive-staging
POSTHOOK: query: SELECT * FROM encrypted_table_dp
POSTHOOK: type: QUERY
POSTHOOK: Input: default@encrypted_table_dp
POSTHOOK: Input: default@encrypted_table_dp@p=2014-09-23
POSTHOOK: Input: default@encrypted_table_dp@p=2014-09-24
#### A PARTIAL masked pattern was here #### data/warehouse/default/encrypted_table_dp/.hive-staging
1	foo	2014-09-23
2	bar	2014-09-24
#### A masked pattern was here ####
PREHOOK: type: CREATETABLE
#### A masked pattern was here ####
PREHOOK: Output: database:default
PREHOOK: Output: default@encrypted_ext_table_dp
#### A masked pattern was here ####
POSTHOOK: type: CREATETABLE
#### A masked pattern was here ####
POSTHOOK: Output: database:default
POSTHOOK: Output: default@encrypted_ext_table_dp
#### A masked pattern was here ####
PREHOOK: type: ALTERTABLE_ADDPARTS
#### A masked pattern was here ####
PREHOOK: Output: default@encrypted_ext_table_dp
#### A masked pattern was here ####
POSTHOOK: type: ALTERTABLE_ADDPARTS
#### A masked pattern was here ####
POSTHOOK: Output: default@encrypted_ext_table_dp
POSTHOOK: Output: default@encrypted_ext_table_dp@p=2014-09-23
PREHOOK: query: SELECT * FROM encrypted_ext_table_dp
PREHOOK: type: QUERY
PREHOOK: Input: default@encrypted_ext_table_dp
PREHOOK: Input: default@encrypted_ext_table_dp@p=2014-09-23
#### A PARTIAL masked pattern was here #### data/warehouse/default/encrypted_table_dp/.hive-staging
POSTHOOK: query: SELECT * FROM encrypted_ext_table_dp
POSTHOOK: type: QUERY
POSTHOOK: Input: default@encrypted_ext_table_dp
POSTHOOK: Input: default@encrypted_ext_table_dp@p=2014-09-23
#### A PARTIAL masked pattern was here #### data/warehouse/default/encrypted_table_dp/.hive-staging
1	foo	2014-09-23
PREHOOK: query: ALTER TABLE encrypted_ext_table_dp DROP PARTITION (p='2014-09-23')
PREHOOK: type: ALTERTABLE_DROPPARTS
PREHOOK: Input: default@encrypted_ext_table_dp
PREHOOK: Output: default@encrypted_ext_table_dp@p=2014-09-23
POSTHOOK: query: ALTER TABLE encrypted_ext_table_dp DROP PARTITION (p='2014-09-23')
POSTHOOK: type: ALTERTABLE_DROPPARTS
POSTHOOK: Input: default@encrypted_ext_table_dp
POSTHOOK: Output: default@encrypted_ext_table_dp@p=2014-09-23
PREHOOK: query: SELECT * FROM encrypted_ext_table_dp
PREHOOK: type: QUERY
PREHOOK: Input: default@encrypted_ext_table_dp
#### A PARTIAL masked pattern was here #### data/warehouse/default/encrypted_table_dp/.hive-staging
POSTHOOK: query: SELECT * FROM encrypted_ext_table_dp
POSTHOOK: type: QUERY
POSTHOOK: Input: default@encrypted_ext_table_dp
#### A PARTIAL masked pattern was here #### data/warehouse/default/encrypted_table_dp/.hive-staging
PREHOOK: query: DROP TABLE encrypted_ext_table_dp
PREHOOK: type: DROPTABLE
PREHOOK: Input: default@encrypted_ext_table_dp
PREHOOK: Output: default@encrypted_ext_table_dp
POSTHOOK: query: DROP TABLE encrypted_ext_table_dp
POSTHOOK: type: DROPTABLE
POSTHOOK: Input: default@encrypted_ext_table_dp
POSTHOOK: Output: default@encrypted_ext_table_dp
PREHOOK: query: SELECT * FROM encrypted_table_dp
PREHOOK: type: QUERY
PREHOOK: Input: default@encrypted_table_dp
PREHOOK: Input: default@encrypted_table_dp@p=2014-09-23
PREHOOK: Input: default@encrypted_table_dp@p=2014-09-24
#### A PARTIAL masked pattern was here #### data/warehouse/default/encrypted_table_dp/.hive-staging
POSTHOOK: query: SELECT * FROM encrypted_table_dp
POSTHOOK: type: QUERY
POSTHOOK: Input: default@encrypted_table_dp
POSTHOOK: Input: default@encrypted_table_dp@p=2014-09-23
POSTHOOK: Input: default@encrypted_table_dp@p=2014-09-24
#### A PARTIAL masked pattern was here #### data/warehouse/default/encrypted_table_dp/.hive-staging
1	foo	2014-09-23
2	bar	2014-09-24
PREHOOK: query: ALTER TABLE encrypted_table_dp DROP PARTITION (p='2014-09-23')
PREHOOK: type: ALTERTABLE_DROPPARTS
PREHOOK: Input: default@encrypted_table_dp
PREHOOK: Output: default@encrypted_table_dp@p=2014-09-23
POSTHOOK: query: ALTER TABLE encrypted_table_dp DROP PARTITION (p='2014-09-23')
POSTHOOK: type: ALTERTABLE_DROPPARTS
POSTHOOK: Input: default@encrypted_table_dp
POSTHOOK: Output: default@encrypted_table_dp@p=2014-09-23
PREHOOK: query: SELECT * FROM encrypted_table_dp
PREHOOK: type: QUERY
PREHOOK: Input: default@encrypted_table_dp
PREHOOK: Input: default@encrypted_table_dp@p=2014-09-24
#### A PARTIAL masked pattern was here #### data/warehouse/default/encrypted_table_dp/.hive-staging
POSTHOOK: query: SELECT * FROM encrypted_table_dp
POSTHOOK: type: QUERY
POSTHOOK: Input: default@encrypted_table_dp
POSTHOOK: Input: default@encrypted_table_dp@p=2014-09-24
#### A PARTIAL masked pattern was here #### data/warehouse/default/encrypted_table_dp/.hive-staging
2	bar	2014-09-24
PREHOOK: query: ALTER TABLE encrypted_table_dp ADD PARTITION (p='2014-09-23')
PREHOOK: type: ALTERTABLE_ADDPARTS
PREHOOK: Output: default@encrypted_table_dp
POSTHOOK: query: ALTER TABLE encrypted_table_dp ADD PARTITION (p='2014-09-23')
POSTHOOK: type: ALTERTABLE_ADDPARTS
POSTHOOK: Output: default@encrypted_table_dp
POSTHOOK: Output: default@encrypted_table_dp@p=2014-09-23
PREHOOK: query: SELECT * FROM encrypted_table_dp
PREHOOK: type: QUERY
PREHOOK: Input: default@encrypted_table_dp
PREHOOK: Input: default@encrypted_table_dp@p=2014-09-23
PREHOOK: Input: default@encrypted_table_dp@p=2014-09-24
#### A PARTIAL masked pattern was here #### data/warehouse/default/encrypted_table_dp/.hive-staging
POSTHOOK: query: SELECT * FROM encrypted_table_dp
POSTHOOK: type: QUERY
POSTHOOK: Input: default@encrypted_table_dp
POSTHOOK: Input: default@encrypted_table_dp@p=2014-09-23
POSTHOOK: Input: default@encrypted_table_dp@p=2014-09-24
#### A PARTIAL masked pattern was here #### data/warehouse/default/encrypted_table_dp/.hive-staging
2	bar	2014-09-24
