PREHOOK: query: CREATE TABLE source(id INT, longitude DOUBLE, latitude DOUBLE)
PREHOOK: type: CREATETABLE
PREHOOK: Output: database:default
PREHOOK: Output: default@source
POSTHOOK: query: CREATE TABLE source(id INT, longitude DOUBLE, latitude DOUBLE)
POSTHOOK: type: CREATETABLE
POSTHOOK: Output: database:default
POSTHOOK: Output: default@source
PREHOOK: query: INSERT INTO TABLE source VALUES (1, 23.54, -54.99)
PREHOOK: type: QUERY
PREHOOK: Output: default@source
POSTHOOK: query: INSERT INTO TABLE source VALUES (1, 23.54, -54.99)
POSTHOOK: type: QUERY
POSTHOOK: Output: default@source
POSTHOOK: Lineage: source.id EXPRESSION [(values__tmp__table__1)values__tmp__table__1.FieldSchema(name:tmp_values_col1, type:string, comment:), ]
POSTHOOK: Lineage: source.latitude EXPRESSION [(values__tmp__table__1)values__tmp__table__1.FieldSchema(name:tmp_values_col3, type:string, comment:), ]
POSTHOOK: Lineage: source.longitude EXPRESSION [(values__tmp__table__1)values__tmp__table__1.FieldSchema(name:tmp_values_col2, type:string, comment:), ]
PREHOOK: query: CREATE TABLE coords_hbase(id INT, x DOUBLE, y DOUBLE)
STORED BY 'org.apache.hadoop.hive.hbase.HBaseStorageHandler'
WITH SERDEPROPERTIES (
  'hbase.columns.mapping' = ':key,o:x,o:y',
  'hbase.table.default.storage.type' = 'binary')
PREHOOK: type: CREATETABLE
PREHOOK: Output: database:default
PREHOOK: Output: default@coords_hbase
POSTHOOK: query: CREATE TABLE coords_hbase(id INT, x DOUBLE, y DOUBLE)
STORED BY 'org.apache.hadoop.hive.hbase.HBaseStorageHandler'
WITH SERDEPROPERTIES (
  'hbase.columns.mapping' = ':key,o:x,o:y',
  'hbase.table.default.storage.type' = 'binary')
POSTHOOK: type: CREATETABLE
POSTHOOK: Output: database:default
POSTHOOK: Output: default@coords_hbase
PREHOOK: query: INSERT OVERWRITE TABLE coords_hbase 
SELECT id, longitude, latitude
FROM source
CLUSTER BY id
PREHOOK: type: QUERY
PREHOOK: Input: default@source
PREHOOK: Output: default@coords_hbase
POSTHOOK: query: INSERT OVERWRITE TABLE coords_hbase 
SELECT id, longitude, latitude
FROM source
CLUSTER BY id
POSTHOOK: type: QUERY
POSTHOOK: Input: default@source
POSTHOOK: Output: default@coords_hbase
PREHOOK: query: EXPLAIN
SELECT * FROM coords_hbase
PREHOOK: type: QUERY
POSTHOOK: query: EXPLAIN
SELECT * FROM coords_hbase
POSTHOOK: type: QUERY
STAGE DEPENDENCIES:
  Stage-1 is a root stage
  Stage-0 depends on stages: Stage-1

STAGE PLANS:
  Stage: Stage-1
    Map Reduce
      Map Operator Tree:
          TableScan
            alias: coords_hbase
            Statistics: Num rows: 1 Data size: 0 Basic stats: PARTIAL Column stats: NONE
            Select Operator
              expressions: id (type: int), x (type: double), y (type: double)
              outputColumnNames: _col0, _col1, _col2
              Statistics: Num rows: 1 Data size: 0 Basic stats: PARTIAL Column stats: NONE
              File Output Operator
                compressed: false
                Statistics: Num rows: 1 Data size: 0 Basic stats: PARTIAL Column stats: NONE
                table:
                    input format: org.apache.hadoop.mapred.TextInputFormat
                    output format: org.apache.hadoop.hive.ql.io.HiveIgnoreKeyTextOutputFormat
                    serde: org.apache.hadoop.hive.serde2.lazy.LazySimpleSerDe

  Stage: Stage-0
    Fetch Operator
      limit: -1
      Processor Tree:
        ListSink

PREHOOK: query: SELECT * FROM coords_hbase
PREHOOK: type: QUERY
PREHOOK: Input: default@coords_hbase
#### A masked pattern was here ####
POSTHOOK: query: SELECT * FROM coords_hbase
POSTHOOK: type: QUERY
POSTHOOK: Input: default@coords_hbase
#### A masked pattern was here ####
PREHOOK: query: drop table source
PREHOOK: type: DROPTABLE
PREHOOK: Input: default@source
PREHOOK: Output: default@source
POSTHOOK: query: drop table source
POSTHOOK: type: DROPTABLE
POSTHOOK: Input: default@source
POSTHOOK: Output: default@source
PREHOOK: query: drop table coords_hbase
PREHOOK: type: DROPTABLE
PREHOOK: Input: default@coords_hbase
PREHOOK: Output: default@coords_hbase
POSTHOOK: query: drop table coords_hbase
POSTHOOK: type: DROPTABLE
POSTHOOK: Input: default@coords_hbase
POSTHOOK: Output: default@coords_hbase
#### A masked pattern was here ####
