PREHOOK: query: CREATE TABLE IF NOT EXISTS union3  (bar int, baz int)
PREHOOK: type: CREATETABLE
PREHOOK: Output: database:default
PREHOOK: Output: default@union3
POSTHOOK: query: CREATE TABLE IF NOT EXISTS union3  (bar int, baz int)
POSTHOOK: type: CREATETABLE
POSTHOOK: Output: database:default
POSTHOOK: Output: default@union3
FAILED: SemanticException 2:85 Schema of both sides of union should match: field bar: appears on the left side of the UNION at column position: 0, and on the right side of the UNION at column position: 1. Column positions should match for a UNION. Error encountered near token 'union3'
